[2026-04-04T22:40:52.533Z] GET http://localhost:3001/ → pending (?ms, ?B)
[2026-04-04T22:40:52.827Z] GET http://localhost:3001/_next/static/media/303804218d80822e-s.p.11p_15xsjt-ie.woff2 → 200 (40ms, 14844B)
[2026-04-04T22:40:52.827Z] GET http://localhost:3001/_next/static/media/4f530f52d514af96-s.p.0aapj9pyt9oam.woff2 → 200 (41ms, 14672B)
[2026-04-04T22:40:52.827Z] GET http://localhost:3001/_next/static/media/612838607db3d51d-s.p.0yvdtz6_qans-.woff2 → 200 (42ms, 14680B)
[2026-04-04T22:40:52.827Z] GET http://localhost:3001/_next/static/media/6ad1cda2f16975ee-s.p.0t8o_f0a-dk8w.woff2 → 200 (42ms, 21412B)
[2026-04-04T22:40:52.827Z] GET http://localhost:3001/_next/static/media/797e433ab948586e-s.p.0.q-h669a_dqa.woff2 → 200 (39ms, 31288B)
[2026-04-04T22:40:52.827Z] GET http://localhost:3001/_next/static/media/9e9f04e3c37952ab-s.p.07uvnuj.ona6k.woff2 → 200 (30ms, 12004B)
[2026-04-04T22:40:52.827Z] GET http://localhost:3001/_next/static/media/d9b5d46d9a89ffe6-s.p.0agk34fg-1.z0.woff2 → 200 (40ms, 14888B)
[2026-04-04T22:40:52.828Z] GET http://localhost:3001/_next/static/chunks/%5Broot-of-the-server%5D__0ihj89f._.css → 200 (42ms, 93893B)
[2026-04-04T22:40:52.828Z] GET http://localhost:3001/_next/static/chunks/%5Bturbopack%5D_browser_dev_hmr-client_hmr-client_ts_10z625~._.js → 200 (41ms, 675B)
[2026-04-04T22:40:52.828Z] GET http://localhost:3001/_next/static/chunks/node_modules_next_dist_compiled_next-devtools_index_0553esy.js → 200 (155ms, 746585B)
[2026-04-04T22:40:52.828Z] GET http://localhost:3001/_next/static/chunks/node_modules_next_dist_compiled_react-dom_058-ah~._.js → 200 (156ms, 1057980B)
[2026-04-04T22:40:52.828Z] GET http://localhost:3001/_next/static/chunks/node_modules_next_dist_compiled_react-server-dom-turbopack_0p3wegg._.js → 200 (144ms, 174634B)
[2026-04-04T22:40:52.828Z] GET http://localhost:3001/_next/static/chunks/node_modules_next_dist_compiled_0rpq4pf._.js → 200 (145ms, 144344B)
[2026-04-04T22:40:52.828Z] GET http://localhost:3001/_next/static/chunks/node_modules_next_dist_client_0fhqo1d._.js → 200 (150ms, 742815B)
[2026-04-04T22:40:52.830Z] GET http://localhost:3001/_next/static/chunks/node_modules_next_dist_115brz8._.js → 200 (144ms, 246103B)
[2026-04-04T22:40:52.830Z] GET http://localhost:3001/_next/static/chunks/node_modules_%40swc_helpers_cjs_0-4ujiy._.js → 200 (144ms, 1984B)
[2026-04-04T22:40:52.830Z] GET http://localhost:3001/_next/static/chunks/_0rqeker._.js → 200 (144ms, 756B)
[2026-04-04T22:40:52.831Z] GET http://localhost:3001/_next/static/chunks/turbopack-_0p44nws._.js → 200 (145ms, 92351B)
[2026-04-04T22:40:52.831Z] GET http://localhost:3001/_next/static/chunks/node_modules_next_dist_0tt2wve._.js → 200 (147ms, 208717B)
[2026-04-04T22:40:52.831Z] GET http://localhost:3001/_next/static/chunks/src_app_layout_tsx_004glpo._.js → 200 (145ms, 315B)
[2026-04-04T22:40:52.831Z] GET http://localhost:3001/_next/static/chunks/node_modules_next_dist_client_components_builtin_global-error_0qinbzt.js → 200 (145ms, 212B)
[2026-04-04T22:40:52.831Z] GET http://localhost:3001/_next/static/chunks/_09jd68z._.js → 200 (147ms, 127831B)
[2026-04-04T22:40:52.831Z] GET http://localhost:3001/_next/static/chunks/src_app_page_tsx_0qinbzt._.js → 200 (145ms, 241B)
[2026-04-04T22:40:53.060Z] GET http://localhost:3001/_next/static/chunks/%5Bturbopack%5D_browser_dev_hmr-client_hmr-client_ts_0yjw1oe._.js → 200 (57ms, 15615B)
[2026-04-04T22:40:53.060Z] GET http://localhost:3001/_next/static/chunks/%5Bturbopack%5D_browser_dev_hmr-client_hmr-client_ts_10mygs7._.js → 200 (56ms, 289B)
[2026-04-04T22:40:53.192Z] GET http://localhost:3001/clips/knockdown/img_00001.jpg → 200 (9ms, 68076B)
[2026-04-04T22:40:53.193Z] GET http://localhost:3001/clips/knockdown/img_00002.jpg → 200 (6ms, 67803B)
[2026-04-04T22:40:53.193Z] GET http://localhost:3001/clips/knockdown/img_00003.jpg → 200 (8ms, 67217B)
[2026-04-04T22:40:53.193Z] GET http://localhost:3001/clips/knockdown/img_00004.jpg → 200 (8ms, 66818B)
[2026-04-04T22:40:53.193Z] GET http://localhost:3001/clips/knockdown/img_00005.jpg → 200 (8ms, 66138B)
[2026-04-04T22:40:53.193Z] GET http://localhost:3001/clips/knockdown/img_00006.jpg → 200 (9ms, 67524B)
[2026-04-04T22:40:53.193Z] GET http://localhost:3001/clips/knockdown/img_00007.jpg → 200 (11ms, 66815B)
[2026-04-04T22:40:53.197Z] GET http://localhost:3001/clips/knockdown/img_00008.jpg → 200 (6ms, 66896B)
[2026-04-04T22:40:53.197Z] GET http://localhost:3001/clips/knockdown/img_00009.jpg → 200 (8ms, 67233B)
[2026-04-04T22:40:53.198Z] GET http://localhost:3001/clips/knockdown/img_00010.jpg → 200 (10ms, 68441B)
[2026-04-04T22:40:53.198Z] GET http://localhost:3001/clips/knockdown/img_00011.jpg → 200 (7ms, 71602B)
[2026-04-04T22:40:53.198Z] GET http://localhost:3001/clips/knockdown/img_00012.jpg → 200 (7ms, 70946B)
[2026-04-04T22:40:53.198Z] GET http://localhost:3001/clips/knockdown/img_00013.jpg → 200 (19ms, 70725B)
[2026-04-04T22:40:53.198Z] GET http://localhost:3001/clips/knockdown/img_00014.jpg → 200 (21ms, 70446B)
[2026-04-04T22:40:53.198Z] GET http://localhost:3001/clips/knockdown/img_00015.jpg → 200 (21ms, 70700B)
[2026-04-04T22:40:53.198Z] GET http://localhost:3001/clips/knockdown/img_00016.jpg → 200 (20ms, 71191B)
[2026-04-04T22:40:53.198Z] GET http://localhost:3001/clips/knockdown/img_00017.jpg → 200 (21ms, 71447B)
[2026-04-04T22:40:53.198Z] GET http://localhost:3001/clips/knockdown/img_00018.jpg → 200 (23ms, 73265B)
[2026-04-04T22:40:53.199Z] GET http://localhost:3001/clips/knockdown/img_00019.jpg → 200 (24ms, 74423B)
[2026-04-04T22:40:53.199Z] GET http://localhost:3001/clips/knockdown/img_00020.jpg → 200 (24ms, 75374B)
[2026-04-04T22:40:53.199Z] GET http://localhost:3001/clips/knockdown/img_00021.jpg → 200 (24ms, 74293B)
[2026-04-04T22:40:53.199Z] GET http://localhost:3001/clips/knockdown/img_00022.jpg → 200 (24ms, 74277B)
[2026-04-04T22:40:53.199Z] GET http://localhost:3001/clips/knockdown/img_00023.jpg → 200 (24ms, 75529B)
[2026-04-04T22:40:53.199Z] GET http://localhost:3001/clips/knockdown/img_00024.jpg → 200 (24ms, 76951B)
[2026-04-04T22:40:53.199Z] GET http://localhost:3001/clips/knockdown/img_00025.jpg → 200 (28ms, 78544B)
[2026-04-04T22:40:53.199Z] GET http://localhost:3001/clips/knockdown/img_00026.jpg → 200 (27ms, 79562B)
[2026-04-04T22:40:53.199Z] GET http://localhost:3001/clips/knockdown/img_00027.jpg → 200 (27ms, 79872B)
[2026-04-04T22:40:53.199Z] GET http://localhost:3001/clips/knockdown/img_00028.jpg → 200 (28ms, 79827B)
[2026-04-04T22:40:53.199Z] GET http://localhost:3001/clips/knockdown/img_00029.jpg → 200 (28ms, 78464B)
[2026-04-04T22:40:53.199Z] GET http://localhost:3001/clips/knockdown/img_00030.jpg → 200 (28ms, 79275B)
[2026-04-04T22:40:53.221Z] GET http://localhost:3001/clips/knockdown/img_00031.jpg → 200 (21ms, 79425B)
[2026-04-04T22:40:53.221Z] GET http://localhost:3001/clips/knockdown/img_00032.jpg → 200 (22ms, 79379B)
[2026-04-04T22:40:53.221Z] GET http://localhost:3001/clips/knockdown/img_00033.jpg → 200 (23ms, 78215B)
[2026-04-04T22:40:53.221Z] GET http://localhost:3001/clips/knockdown/img_00034.jpg → 200 (22ms, 62834B)
[2026-04-04T22:40:53.221Z] GET http://localhost:3001/clips/knockdown/img_00035.jpg → 200 (23ms, 60788B)
[2026-04-04T22:40:53.222Z] GET http://localhost:3001/clips/knockdown/img_00036.jpg → 200 (22ms, 54527B)
[2026-04-04T22:40:53.222Z] GET http://localhost:3001/clips/knockdown/img_00037.jpg → 200 (23ms, 52029B)
[2026-04-04T22:40:53.222Z] GET http://localhost:3001/clips/knockdown/img_00038.jpg → 200 (24ms, 50471B)
[2026-04-04T22:40:53.222Z] GET http://localhost:3001/clips/knockdown/img_00039.jpg → 200 (23ms, 51260B)
[2026-04-04T22:40:53.222Z] GET http://localhost:3001/clips/knockdown/img_00040.jpg → 200 (24ms, 51819B)
[2026-04-04T22:40:53.268Z] GET http://localhost:3001/clips/knockdown/img_00041.jpg → 200 (1ms, 53800B)
[2026-04-04T22:40:53.268Z] GET http://localhost:3001/clips/knockdown/img_00042.jpg → 200 (1ms, 55087B)
[2026-04-04T22:40:53.268Z] GET http://localhost:3001/clips/knockdown/img_00043.jpg → 200 (2ms, 55242B)
[2026-04-04T22:40:53.268Z] GET http://localhost:3001/clips/knockdown/img_00044.jpg → 200 (2ms, 57069B)
[2026-04-04T22:40:53.268Z] GET http://localhost:3001/clips/knockdown/img_00045.jpg → 200 (2ms, 56050B)
[2026-04-04T22:40:53.268Z] GET http://localhost:3001/clips/knockdown/img_00046.jpg → 200 (2ms, 56109B)
[2026-04-04T22:40:53.269Z] GET http://localhost:3001/clips/knockdown/img_00047.jpg → 200 (1ms, 55501B)
[2026-04-04T22:40:53.269Z] GET http://localhost:3001/clips/knockdown/img_00048.jpg → 200 (1ms, 55357B)
[2026-04-04T22:40:53.269Z] GET http://localhost:3001/clips/knockdown/img_00049.jpg → 200 (2ms, 55248B)
[2026-04-04T22:40:53.269Z] GET http://localhost:3001/clips/knockdown/img_00050.jpg → 200 (1ms, 54595B)
[2026-04-04T22:40:53.278Z] GET http://localhost:3001/clips/knockdown/img_00051.jpg → 200 (?ms, 54915B)
[2026-04-04T22:40:53.278Z] GET http://localhost:3001/clips/knockdown/img_00052.jpg → 200 (?ms, 66963B)
[2026-04-04T22:40:53.278Z] GET http://localhost:3001/clips/knockdown/img_00053.jpg → 200 (?ms, 67347B)
[2026-04-04T22:40:53.278Z] GET http://localhost:3001/clips/knockdown/img_00054.jpg → 200 (?ms, 66156B)
[2026-04-04T22:40:53.278Z] GET http://localhost:3001/clips/knockdown/img_00055.jpg → 200 (1ms, 66653B)
[2026-04-04T22:40:53.278Z] GET http://localhost:3001/clips/knockdown/img_00056.jpg → 200 (?ms, 66588B)
[2026-04-04T22:40:53.278Z] GET http://localhost:3001/clips/knockdown/img_00057.jpg → 200 (1ms, 66864B)
[2026-04-04T22:40:53.278Z] GET http://localhost:3001/clips/knockdown/img_00058.jpg → 200 (1ms, 66881B)
[2026-04-04T22:40:53.278Z] GET http://localhost:3001/clips/knockdown/img_00059.jpg → 200 (1ms, 66023B)
[2026-04-04T22:40:53.278Z] GET http://localhost:3001/clips/knockdown/img_00060.jpg → 200 (2ms, 65933B)
[2026-04-04T22:40:53.280Z] GET http://localhost:3001/clips/knockdown/img_00061.jpg → 200 (3ms, 64998B)
[2026-04-04T22:40:53.280Z] GET http://localhost:3001/clips/knockdown/img_00062.jpg → 200 (2ms, 66012B)
[2026-04-04T22:40:53.280Z] GET http://localhost:3001/clips/knockdown/img_00063.jpg → 200 (4ms, 64971B)
[2026-04-04T22:40:53.280Z] GET http://localhost:3001/clips/knockdown/img_00064.jpg → 200 (3ms, 64858B)
[2026-04-04T22:40:53.280Z] GET http://localhost:3001/clips/knockdown/img_00065.jpg → 200 (4ms, 64290B)
[2026-04-04T22:40:53.281Z] GET http://localhost:3001/clips/knockdown/img_00066.jpg → 200 (3ms, 63728B)
[2026-04-04T22:40:53.281Z] GET http://localhost:3001/clips/knockdown/img_00067.jpg → 200 (4ms, 64619B)
[2026-04-04T22:40:53.281Z] GET http://localhost:3001/clips/knockdown/img_00068.jpg → 200 (4ms, 64425B)
[2026-04-04T22:40:53.281Z] GET http://localhost:3001/clips/knockdown/img_00069.jpg → 200 (3ms, 65668B)
[2026-04-04T22:40:53.281Z] GET http://localhost:3001/clips/knockdown/img_00070.jpg → 200 (4ms, 65215B)
[2026-04-04T22:40:53.292Z] GET http://localhost:3001/clips/knockdown/img_00071.jpg → 200 (14ms, 65531B)
[2026-04-04T22:40:53.293Z] GET http://localhost:3001/clips/knockdown/img_00072.jpg → 200 (13ms, 66091B)
[2026-04-04T22:40:53.293Z] GET http://localhost:3001/clips/knockdown/img_00073.jpg → 200 (9ms, 65388B)
[2026-04-04T22:40:53.293Z] GET http://localhost:3001/clips/knockdown/img_00074.jpg → 200 (13ms, 66398B)
[2026-04-04T22:40:53.294Z] GET http://localhost:3001/clips/knockdown/img_00075.jpg → 200 (12ms, 66555B)
[2026-04-04T22:40:53.294Z] GET http://localhost:3001/clips/knockdown/img_00076.jpg → 200 (12ms, 66998B)
[2026-04-04T22:40:53.294Z] GET http://localhost:3001/clips/knockdown/img_00077.jpg → 200 (17ms, 68187B)
[2026-04-04T22:40:53.294Z] GET http://localhost:3001/clips/knockdown/img_00078.jpg → 200 (17ms, 68182B)
[2026-04-04T22:40:53.294Z] GET http://localhost:3001/clips/knockdown/img_00079.jpg → 200 (17ms, 69650B)
[2026-04-04T22:40:53.294Z] GET http://localhost:3001/clips/knockdown/img_00080.jpg → 200 (17ms, 68830B)
[2026-04-04T22:40:53.300Z] GET http://localhost:3001/clips/knockdown/img_00081.jpg → 200 (12ms, 68967B)
[2026-04-04T22:40:53.300Z] GET http://localhost:3001/clips/knockdown/img_00082.jpg → 200 (12ms, 69099B)
[2026-04-04T22:40:53.300Z] GET http://localhost:3001/clips/knockdown/img_00083.jpg → 200 (12ms, 69497B)
[2026-04-04T22:40:53.300Z] GET http://localhost:3001/clips/knockdown/img_00084.jpg → 200 (13ms, 69848B)
[2026-04-04T22:40:53.300Z] GET http://localhost:3001/clips/knockdown/img_00085.jpg → 200 (13ms, 69333B)
[2026-04-04T22:40:53.300Z] GET http://localhost:3001/clips/knockdown/img_00086.jpg → 200 (13ms, 70022B)
[2026-04-04T22:40:53.300Z] GET http://localhost:3001/clips/knockdown/img_00087.jpg → 200 (13ms, 70346B)
[2026-04-04T22:40:53.300Z] GET http://localhost:3001/clips/knockdown/img_00088.jpg → 200 (13ms, 70090B)
[2026-04-04T22:40:53.300Z] GET http://localhost:3001/clips/knockdown/img_00089.jpg → 200 (13ms, 70333B)
[2026-04-04T22:40:53.300Z] GET http://localhost:3001/clips/knockdown/img_00090.jpg → 200 (14ms, 69697B)
[2026-04-04T22:40:53.312Z] GET http://localhost:3001/clips/knockdown/img_00091.jpg → 200 (2ms, 69116B)
[2026-04-04T22:40:53.312Z] GET http://localhost:3001/clips/knockdown/img_00092.jpg → 200 (2ms, 69501B)
[2026-04-04T22:40:53.312Z] GET http://localhost:3001/clips/knockdown/img_00093.jpg → 200 (2ms, 69992B)
[2026-04-04T22:40:53.313Z] GET http://localhost:3001/clips/knockdown/img_00094.jpg → 200 (1ms, 70034B)
[2026-04-04T22:40:53.313Z] GET http://localhost:3001/clips/knockdown/img_00095.jpg → 200 (1ms, 70078B)
[2026-04-04T22:40:53.313Z] GET http://localhost:3001/clips/knockdown/img_00096.jpg → 200 (2ms, 71642B)
[2026-04-04T22:40:53.313Z] GET http://localhost:3001/clips/knockdown/img_00097.jpg → 200 (2ms, 72123B)
[2026-04-04T22:40:53.313Z] GET http://localhost:3001/clips/knockdown/img_00098.jpg → 200 (5ms, 72304B)
[2026-04-04T22:40:53.313Z] GET http://localhost:3001/clips/knockdown/img_00099.jpg → 200 (4ms, 73370B)
[2026-04-04T22:40:53.313Z] GET http://localhost:3001/clips/knockdown/img_00100.jpg → 200 (5ms, 73057B)
[2026-04-04T22:40:53.314Z] GET http://localhost:3001/clips/knockdown/img_00101.jpg → 200 (4ms, 73281B)
[2026-04-04T22:40:53.314Z] GET http://localhost:3001/clips/knockdown/img_00102.jpg → 200 (4ms, 74215B)
[2026-04-04T22:40:53.314Z] GET http://localhost:3001/clips/knockdown/img_00103.jpg → 200 (5ms, 73855B)
[2026-04-04T22:40:53.314Z] GET http://localhost:3001/clips/knockdown/img_00104.jpg → 200 (23ms, 74141B)
[2026-04-04T22:40:53.314Z] GET http://localhost:3001/clips/knockdown/img_00105.jpg → 200 (23ms, 75134B)
[2026-04-04T22:40:53.314Z] GET http://localhost:3001/clips/knockdown/img_00106.jpg → 200 (25ms, 75546B)
[2026-04-04T22:40:53.315Z] GET http://localhost:3001/clips/knockdown/img_00107.jpg → 200 (24ms, 75940B)
[2026-04-04T22:40:53.315Z] GET http://localhost:3001/clips/knockdown/img_00108.jpg → 200 (24ms, 75721B)
[2026-04-04T22:40:53.315Z] GET http://localhost:3001/clips/knockdown/img_00109.jpg → 200 (33ms, 74932B)
[2026-04-04T22:40:53.315Z] GET http://localhost:3001/clips/knockdown/img_00110.jpg → 200 (37ms, 74683B)
[2026-04-04T22:40:53.355Z] GET http://localhost:3001/clips/knockdown/img_00111.jpg → 200 (?ms, 74688B)
[2026-04-04T22:40:53.355Z] GET http://localhost:3001/clips/knockdown/img_00112.jpg → 200 (?ms, 73649B)
[2026-04-04T22:40:53.355Z] GET http://localhost:3001/clips/knockdown/img_00113.jpg → 200 (?ms, 75083B)
[2026-04-04T22:40:53.355Z] GET http://localhost:3001/clips/knockdown/img_00114.jpg → 200 (?ms, 74980B)
[2026-04-04T22:40:53.355Z] GET http://localhost:3001/clips/knockdown/img_00115.jpg → 200 (?ms, 74189B)
[2026-04-04T22:40:53.355Z] GET http://localhost:3001/clips/knockdown/img_00116.jpg → 200 (?ms, 75530B)
[2026-04-04T22:40:53.355Z] GET http://localhost:3001/clips/knockdown/img_00117.jpg → 200 (1ms, 75531B)
[2026-04-04T22:40:53.355Z] GET http://localhost:3001/clips/knockdown/img_00118.jpg → 200 (1ms, 76013B)
[2026-04-04T22:40:53.355Z] GET http://localhost:3001/clips/knockdown/img_00119.jpg → 200 (1ms, 76753B)
[2026-04-04T22:40:53.355Z] GET http://localhost:3001/clips/knockdown/img_00120.jpg → 200 (1ms, 76504B)
[2026-04-04T22:40:53.359Z] GET http://localhost:3001/clips/knockdown/img_00121.jpg → 200 (2ms, 76623B)
[2026-04-04T22:40:53.359Z] GET http://localhost:3001/clips/knockdown/img_00122.jpg → 200 (2ms, 77226B)
[2026-04-04T22:40:53.359Z] GET http://localhost:3001/clips/knockdown/img_00123.jpg → 200 (?ms, 77815B)
[2026-04-04T22:40:53.359Z] GET http://localhost:3001/clips/knockdown/img_00124.jpg → 200 (2ms, 77977B)
[2026-04-04T22:40:53.359Z] GET http://localhost:3001/clips/knockdown/img_00125.jpg → 200 (2ms, 79328B)
[2026-04-04T22:40:53.359Z] GET http://localhost:3001/clips/knockdown/img_00126.jpg → 200 (20ms, 78907B)
[2026-04-04T22:40:53.359Z] GET http://localhost:3001/clips/knockdown/img_00127.jpg → 200 (36ms, 79386B)
[2026-04-04T22:40:53.359Z] GET http://localhost:3001/clips/knockdown/img_00128.jpg → 200 (36ms, 79191B)
[2026-04-04T22:40:53.359Z] GET http://localhost:3001/clips/knockdown/img_00129.jpg → 200 (36ms, 79816B)
[2026-04-04T22:40:53.359Z] GET http://localhost:3001/clips/knockdown/img_00130.jpg → 200 (36ms, 79252B)
[2026-04-04T22:40:53.411Z] GET http://localhost:3001/clips/knockdown/img_00131.jpg → 200 (1ms, 78857B)
[2026-04-04T22:40:53.411Z] GET http://localhost:3001/clips/knockdown/img_00132.jpg → 200 (1ms, 78458B)
[2026-04-04T22:40:53.411Z] GET http://localhost:3001/clips/knockdown/img_00133.jpg → 200 (1ms, 79135B)
[2026-04-04T22:40:53.411Z] GET http://localhost:3001/clips/knockdown/img_00134.jpg → 200 (1ms, 78950B)
[2026-04-04T22:40:53.411Z] GET http://localhost:3001/clips/knockdown/img_00135.jpg → 200 (1ms, 79382B)
[2026-04-04T22:40:53.411Z] GET http://localhost:3001/clips/knockdown/img_00136.jpg → 200 (1ms, 80234B)
[2026-04-04T22:40:53.411Z] GET http://localhost:3001/clips/knockdown/img_00137.jpg → 200 (3ms, 79638B)
[2026-04-04T22:40:53.411Z] GET http://localhost:3001/clips/knockdown/img_00138.jpg → 200 (3ms, 75115B)
[2026-04-04T22:40:53.412Z] GET http://localhost:3001/clips/knockdown/img_00139.jpg → 200 (2ms, 71209B)
[2026-04-04T22:40:53.412Z] GET http://localhost:3001/clips/knockdown/img_00140.jpg → 200 (2ms, 61359B)
[2026-04-04T22:40:53.414Z] GET http://localhost:3001/clips/knockdown/img_00141.jpg → 200 (1ms, 56656B)
[2026-04-04T22:40:53.414Z] GET http://localhost:3001/clips/knockdown/img_00142.jpg → 200 (1ms, 52450B)
[2026-04-04T22:40:53.414Z] GET http://localhost:3001/clips/knockdown/img_00143.jpg → 200 (1ms, 51781B)
[2026-04-04T22:40:53.414Z] GET http://localhost:3001/clips/knockdown/img_00144.jpg → 200 (1ms, 49497B)
[2026-04-04T22:40:53.414Z] GET http://localhost:3001/clips/knockdown/img_00145.jpg → 200 (1ms, 49679B)
[2026-04-04T22:40:53.414Z] GET http://localhost:3001/clips/knockdown/img_00146.jpg → 200 (1ms, 50075B)
[2026-04-04T22:40:53.414Z] GET http://localhost:3001/clips/knockdown/img_00147.jpg → 200 (1ms, 51091B)
[2026-04-04T22:40:53.414Z] GET http://localhost:3001/clips/knockdown/img_00148.jpg → 200 (1ms, 52306B)
[2026-04-04T22:40:53.414Z] GET http://localhost:3001/clips/knockdown/img_00149.jpg → 200 (2ms, 52865B)
[2026-04-04T22:40:53.414Z] GET http://localhost:3001/clips/knockdown/img_00150.jpg → 200 (2ms, 53761B)
[2026-04-04T22:40:53.416Z] GET http://localhost:3001/clips/knockdown/img_00151.jpg → 200 (16ms, 54657B)
[2026-04-04T22:40:53.416Z] GET http://localhost:3001/clips/knockdown/img_00152.jpg → 200 (17ms, 54132B)
[2026-04-04T22:40:53.416Z] GET http://localhost:3001/clips/knockdown/img_00153.jpg → 200 (17ms, 54280B)
[2026-04-04T22:40:53.416Z] GET http://localhost:3001/clips/knockdown/img_00154.jpg → 200 (18ms, 54940B)
[2026-04-04T22:40:53.416Z] GET http://localhost:3001/clips/knockdown/img_00155.jpg → 200 (18ms, 54155B)
[2026-04-04T22:40:53.416Z] GET http://localhost:3001/clips/knockdown/img_00156.jpg → 200 (18ms, 53876B)
[2026-04-04T22:40:53.416Z] GET http://localhost:3001/clips/knockdown/img_00157.jpg → 200 (18ms, 53576B)
[2026-04-04T22:40:53.416Z] GET http://localhost:3001/clips/knockdown/img_00158.jpg → 200 (18ms, 54813B)
[2026-04-04T22:40:53.416Z] GET http://localhost:3001/clips/knockdown/img_00159.jpg → 200 (18ms, 54394B)
[2026-04-04T22:40:53.416Z] GET http://localhost:3001/clips/knockdown/img_00160.jpg → 200 (18ms, 53227B)
[2026-04-04T22:40:53.443Z] GET http://localhost:3001/clips/knockdown/img_00161.jpg → 200 (?ms, 58258B)
[2026-04-04T22:40:53.443Z] GET http://localhost:3001/clips/knockdown/img_00162.jpg → 200 (?ms, 59214B)
[2026-04-04T22:40:53.443Z] GET http://localhost:3001/clips/knockdown/img_00163.jpg → 200 (?ms, 61341B)
[2026-04-04T22:40:53.443Z] GET http://localhost:3001/clips/knockdown/img_00164.jpg → 200 (?ms, 62086B)
[2026-04-04T22:40:53.443Z] GET http://localhost:3001/clips/knockdown/img_00165.jpg → 200 (?ms, 61947B)
[2026-04-04T22:40:53.443Z] GET http://localhost:3001/clips/knockdown/img_00166.jpg → 200 (?ms, 61934B)
[2026-04-04T22:40:53.443Z] GET http://localhost:3001/clips/knockdown/img_00167.jpg → 200 (1ms, 62190B)
[2026-04-04T22:40:53.443Z] GET http://localhost:3001/clips/knockdown/img_00168.jpg → 200 (1ms, 62024B)
[2026-04-04T22:40:53.443Z] GET http://localhost:3001/clips/knockdown/img_00169.jpg → 200 (1ms, 61676B)
[2026-04-04T22:40:53.443Z] GET http://localhost:3001/clips/knockdown/img_00170.jpg → 200 (1ms, 61135B)
[2026-04-04T22:40:53.444Z] GET http://localhost:3001/clips/knockdown/img_00171.jpg → 200 (?ms, 60874B)
[2026-04-04T22:40:53.444Z] GET http://localhost:3001/clips/knockdown/img_00172.jpg → 200 (?ms, 61593B)
[2026-04-04T22:40:53.444Z] GET http://localhost:3001/clips/knockdown/img_00173.jpg → 200 (?ms, 62772B)
[2026-04-04T22:40:53.444Z] GET http://localhost:3001/clips/knockdown/img_00174.jpg → 200 (?ms, 62394B)
[2026-04-04T22:40:53.444Z] GET http://localhost:3001/clips/knockdown/img_00175.jpg → 200 (1ms, 60467B)
[2026-04-04T22:40:53.444Z] GET http://localhost:3001/clips/knockdown/img_00176.jpg → 200 (1ms, 59471B)
[2026-04-04T22:40:53.444Z] GET http://localhost:3001/clips/knockdown/img_00177.jpg → 200 (1ms, 59999B)
[2026-04-04T22:40:53.444Z] GET http://localhost:3001/clips/knockdown/img_00178.jpg → 200 (1ms, 63325B)
[2026-04-04T22:40:53.444Z] GET http://localhost:3001/clips/knockdown/img_00179.jpg → 200 (1ms, 63894B)
[2026-04-04T22:40:53.444Z] GET http://localhost:3001/clips/knockdown/img_00180.jpg → 200 (1ms, 65408B)
[2026-04-04T22:40:53.450Z] GET http://localhost:3001/clips/knockdown/img_00181.jpg → 200 (1ms, 64674B)
[2026-04-04T22:40:53.450Z] GET http://localhost:3001/clips/knockdown/img_00182.jpg → 200 (1ms, 65614B)
[2026-04-04T22:40:53.450Z] GET http://localhost:3001/clips/knockdown/img_00183.jpg → 200 (1ms, 66011B)
[2026-04-04T22:40:53.450Z] GET http://localhost:3001/clips/knockdown/img_00184.jpg → 200 (1ms, 66975B)
[2026-04-04T22:40:53.450Z] GET http://localhost:3001/clips/knockdown/img_00185.jpg → 200 (1ms, 68830B)
[2026-04-04T22:40:53.450Z] GET http://localhost:3001/clips/knockdown/img_00186.jpg → 200 (1ms, 69900B)
[2026-04-04T22:40:53.450Z] GET http://localhost:3001/clips/knockdown/img_00187.jpg → 200 (8ms, 69831B)
[2026-04-04T22:40:53.450Z] GET http://localhost:3001/clips/knockdown/img_00188.jpg → 200 (8ms, 69958B)
[2026-04-04T22:40:53.450Z] GET http://localhost:3001/clips/knockdown/img_00189.jpg → 200 (8ms, 72825B)
[2026-04-04T22:40:53.450Z] GET http://localhost:3001/clips/knockdown/img_00190.jpg → 200 (8ms, 72200B)
[2026-04-04T22:40:53.470Z] GET http://localhost:3001/clips/knockdown/img_00191.jpg → 200 (1ms, 72507B)
[2026-04-04T22:40:53.470Z] GET http://localhost:3001/clips/knockdown/img_00192.jpg → 200 (1ms, 71712B)
[2026-04-04T22:40:53.470Z] GET http://localhost:3001/clips/knockdown/img_00193.jpg → 200 (1ms, 71398B)
[2026-04-04T22:40:53.470Z] GET http://localhost:3001/clips/knockdown/img_00194.jpg → 200 (1ms, 70422B)
[2026-04-04T22:40:53.470Z] GET http://localhost:3001/clips/knockdown/img_00195.jpg → 200 (1ms, 69649B)
[2026-04-04T22:40:53.470Z] GET http://localhost:3001/clips/knockdown/img_00196.jpg → 200 (1ms, 69053B)
[2026-04-04T22:40:53.470Z] GET http://localhost:3001/clips/knockdown/img_00197.jpg → 200 (35ms, 69222B)
[2026-04-04T22:40:53.470Z] GET http://localhost:3001/clips/knockdown/img_00198.jpg → 200 (35ms, 69171B)
[2026-04-04T22:40:53.471Z] GET http://localhost:3001/clips/knockdown/img_00199.jpg → 200 (34ms, 70076B)
[2026-04-04T22:40:53.471Z] GET http://localhost:3001/clips/knockdown/img_00200.jpg → 200 (34ms, 70620B)
[2026-04-04T22:44:44.747Z] GET http://localhost:3001/_next/static/chunks/%5Broot-of-the-server%5D__0ihj89f._.css → 200 (9ms, 94351B)
[2026-04-04T22:45:00.416Z] GET http://localhost:3001/?_rsc=wnywt → 200 (193ms, 62338B)
[2026-04-04T22:45:00.459Z] GET http://localhost:3001/_next/static/chunks/%5Broot-of-the-server%5D__0ihj89f._.css → 200 (8ms, 95510B)
[2026-04-04T22:45:00.705Z] GET http://localhost:3001/__nextjs_font/geist-latin.woff2 → 200 (9ms, 28356B)
[2026-04-04T22:45:24.870Z] GET http://localhost:3001/ → pending (?ms, ?B)
[2026-04-04T22:45:25.639Z] GET http://localhost:3001/_next/static/media/303804218d80822e-s.p.11p_15xsjt-ie.woff2 → 200 (?ms, ?B)
[2026-04-04T22:45:25.639Z] GET http://localhost:3001/_next/static/media/4f530f52d514af96-s.p.0aapj9pyt9oam.woff2 → 200 (1ms, ?B)
[2026-04-04T22:45:25.640Z] GET http://localhost:3001/_next/static/media/612838607db3d51d-s.p.0yvdtz6_qans-.woff2 → 200 (?ms, ?B)
[2026-04-04T22:45:25.640Z] GET http://localhost:3001/_next/static/media/6ad1cda2f16975ee-s.p.0t8o_f0a-dk8w.woff2 → 200 (?ms, ?B)
[2026-04-04T22:45:25.640Z] GET http://localhost:3001/_next/static/media/797e433ab948586e-s.p.0.q-h669a_dqa.woff2 → 200 (?ms, ?B)
[2026-04-04T22:45:25.640Z] GET http://localhost:3001/_next/static/media/9e9f04e3c37952ab-s.p.07uvnuj.ona6k.woff2 → 200 (?ms, ?B)
[2026-04-04T22:45:25.641Z] GET http://localhost:3001/_next/static/media/d9b5d46d9a89ffe6-s.p.0agk34fg-1.z0.woff2 → 200 (?ms, ?B)
[2026-04-04T22:45:25.641Z] GET http://localhost:3001/_next/static/chunks/%5Broot-of-the-server%5D__0ihj89f._.css → 200 (11ms, 95510B)
[2026-04-04T22:45:25.641Z] GET http://localhost:3001/_next/static/chunks/%5Bturbopack%5D_browser_dev_hmr-client_hmr-client_ts_10z625~._.js → 200 (13ms, 675B)
[2026-04-04T22:45:25.641Z] GET http://localhost:3001/_next/static/chunks/node_modules_next_dist_compiled_next-devtools_index_0553esy.js → 200 (51ms, 746585B)
[2026-04-04T22:45:25.641Z] GET http://localhost:3001/_next/static/chunks/node_modules_next_dist_compiled_react-dom_058-ah~._.js → 200 (49ms, 1057980B)
[2026-04-04T22:45:25.641Z] GET http://localhost:3001/_next/static/chunks/node_modules_next_dist_compiled_react-server-dom-turbopack_0p3wegg._.js → 200 (42ms, 174634B)
[2026-04-04T22:45:25.641Z] GET http://localhost:3001/_next/static/chunks/node_modules_next_dist_compiled_0rpq4pf._.js → 200 (42ms, 144344B)
[2026-04-04T22:45:25.642Z] GET http://localhost:3001/_next/static/chunks/node_modules_next_dist_client_0fhqo1d._.js → 200 (51ms, 742815B)
[2026-04-04T22:45:25.642Z] GET http://localhost:3001/_next/static/chunks/node_modules_next_dist_115brz8._.js → 200 (50ms, 246103B)
[2026-04-04T22:45:25.642Z] GET http://localhost:3001/_next/static/chunks/node_modules_%40swc_helpers_cjs_0-4ujiy._.js → 200 (41ms, 1984B)
[2026-04-04T22:45:25.642Z] GET http://localhost:3001/_next/static/chunks/_0rqeker._.js → 200 (48ms, 756B)
[2026-04-04T22:45:25.642Z] GET http://localhost:3001/_next/static/chunks/turbopack-_0p44nws._.js → 200 (48ms, 92351B)
[2026-04-04T22:45:25.652Z] GET http://localhost:3001/_next/static/chunks/node_modules_next_dist_0tt2wve._.js → 200 (47ms, 208717B)
[2026-04-04T22:45:25.652Z] GET http://localhost:3001/_next/static/chunks/src_app_layout_tsx_004glpo._.js → 200 (40ms, 315B)
[2026-04-04T22:45:25.652Z] GET http://localhost:3001/_next/static/chunks/node_modules_next_dist_client_components_builtin_global-error_0qinbzt.js → 200 (40ms, 212B)
[2026-04-04T22:45:25.652Z] GET http://localhost:3001/_next/static/chunks/_09jd68z._.js → 200 (107ms, 127883B)
[2026-04-04T22:45:25.652Z] GET http://localhost:3001/_next/static/chunks/src_app_page_tsx_0qinbzt._.js → 200 (40ms, 241B)
[2026-04-04T22:45:25.698Z] GET http://localhost:3001/_next/static/chunks/%5Bturbopack%5D_browser_dev_hmr-client_hmr-client_ts_0yjw1oe._.js → 200 (61ms, 15615B)
[2026-04-04T22:45:25.698Z] GET http://localhost:3001/_next/static/chunks/%5Bturbopack%5D_browser_dev_hmr-client_hmr-client_ts_10mygs7._.js → 200 (61ms, 289B)
[2026-04-04T22:45:25.776Z] GET http://localhost:3001/__nextjs_font/geist-latin.woff2 → 200 (?ms, ?B)
[2026-04-04T22:45:25.857Z] GET http://localhost:3001/clips/knockdown/img_00001.jpg → 304 (58ms, ?B)
[2026-04-04T22:45:25.859Z] GET http://localhost:3001/clips/knockdown/img_00002.jpg → 304 (57ms, ?B)
[2026-04-04T22:45:25.859Z] GET http://localhost:3001/clips/knockdown/img_00003.jpg → 304 (57ms, ?B)
[2026-04-04T22:45:25.859Z] GET http://localhost:3001/clips/knockdown/img_00004.jpg → 304 (57ms, ?B)
[2026-04-04T22:45:25.859Z] GET http://localhost:3001/clips/knockdown/img_00005.jpg → 304 (57ms, ?B)
[2026-04-04T22:45:25.859Z] GET http://localhost:3001/clips/knockdown/img_00006.jpg → 304 (58ms, ?B)
[2026-04-04T22:45:25.865Z] GET http://localhost:3001/clips/knockdown/img_00007.jpg → 304 (52ms, ?B)
[2026-04-04T22:45:25.868Z] GET http://localhost:3001/clips/knockdown/img_00008.jpg → 304 (49ms, ?B)
[2026-04-04T22:45:25.869Z] GET http://localhost:3001/clips/knockdown/img_00009.jpg → 304 (48ms, ?B)
[2026-04-04T22:45:25.869Z] GET http://localhost:3001/clips/knockdown/img_00010.jpg → 304 (48ms, ?B)
[2026-04-04T22:45:25.869Z] GET http://localhost:3001/clips/knockdown/img_00011.jpg → 304 (48ms, ?B)
[2026-04-04T22:45:25.869Z] GET http://localhost:3001/clips/knockdown/img_00012.jpg → 304 (48ms, ?B)
[2026-04-04T22:45:25.870Z] GET http://localhost:3001/clips/knockdown/img_00013.jpg → 304 (47ms, ?B)
[2026-04-04T22:45:25.870Z] GET http://localhost:3001/clips/knockdown/img_00014.jpg → 304 (47ms, ?B)
[2026-04-04T22:45:25.870Z] GET http://localhost:3001/clips/knockdown/img_00015.jpg → 304 (48ms, ?B)
[2026-04-04T22:45:25.870Z] GET http://localhost:3001/clips/knockdown/img_00016.jpg → 304 (48ms, ?B)
[2026-04-04T22:45:25.870Z] GET http://localhost:3001/clips/knockdown/img_00017.jpg → 304 (48ms, ?B)
[2026-04-04T22:45:25.871Z] GET http://localhost:3001/clips/knockdown/img_00018.jpg → 304 (47ms, ?B)
[2026-04-04T22:45:25.871Z] GET http://localhost:3001/clips/knockdown/img_00019.jpg → 304 (77ms, ?B)
[2026-04-04T22:45:25.871Z] GET http://localhost:3001/clips/knockdown/img_00020.jpg → 304 (77ms, ?B)
[2026-04-04T22:45:25.871Z] GET http://localhost:3001/clips/knockdown/img_00021.jpg → 304 (77ms, ?B)
[2026-04-04T22:45:25.871Z] GET http://localhost:3001/clips/knockdown/img_00022.jpg → 304 (77ms, ?B)
[2026-04-04T22:45:25.871Z] GET http://localhost:3001/clips/knockdown/img_00023.jpg → 304 (77ms, ?B)
[2026-04-04T22:45:25.872Z] GET http://localhost:3001/clips/knockdown/img_00024.jpg → 304 (80ms, ?B)
[2026-04-04T22:45:25.872Z] GET http://localhost:3001/clips/knockdown/img_00025.jpg → 304 (80ms, ?B)
[2026-04-04T22:45:25.872Z] GET http://localhost:3001/clips/knockdown/img_00026.jpg → 304 (80ms, ?B)
[2026-04-04T22:45:25.872Z] GET http://localhost:3001/clips/knockdown/img_00027.jpg → 304 (80ms, ?B)
[2026-04-04T22:45:25.902Z] GET http://localhost:3001/clips/knockdown/img_00028.jpg → 304 (51ms, ?B)
[2026-04-04T22:45:25.907Z] GET http://localhost:3001/clips/knockdown/img_00029.jpg → 304 (48ms, ?B)
[2026-04-04T22:45:25.907Z] GET http://localhost:3001/clips/knockdown/img_00030.jpg → 304 (49ms, ?B)
[2026-04-04T22:45:25.953Z] GET http://localhost:3001/clips/knockdown/img_00031.jpg → 304 (3ms, ?B)
[2026-04-04T22:45:25.953Z] GET http://localhost:3001/clips/knockdown/img_00032.jpg → 304 (3ms, ?B)
[2026-04-04T22:45:25.954Z] GET http://localhost:3001/clips/knockdown/img_00033.jpg → 304 (3ms, ?B)
[2026-04-04T22:45:25.954Z] GET http://localhost:3001/clips/knockdown/img_00034.jpg → 304 (3ms, ?B)
[2026-04-04T22:45:25.954Z] GET http://localhost:3001/clips/knockdown/img_00035.jpg → 304 (3ms, ?B)
[2026-04-04T22:45:25.954Z] GET http://localhost:3001/clips/knockdown/img_00036.jpg → 304 (3ms, ?B)
[2026-04-04T22:45:25.954Z] GET http://localhost:3001/clips/knockdown/img_00037.jpg → 304 (3ms, ?B)
[2026-04-04T22:45:25.955Z] GET http://localhost:3001/clips/knockdown/img_00038.jpg → 304 (2ms, ?B)
[2026-04-04T22:45:25.955Z] GET http://localhost:3001/clips/knockdown/img_00039.jpg → 304 (2ms, ?B)
[2026-04-04T22:45:25.955Z] GET http://localhost:3001/clips/knockdown/img_00040.jpg → 304 (2ms, ?B)
[2026-04-04T22:45:25.956Z] GET http://localhost:3001/clips/knockdown/img_00041.jpg → 304 (3ms, ?B)
[2026-04-04T22:45:25.956Z] GET http://localhost:3001/clips/knockdown/img_00042.jpg → 304 (1ms, ?B)
[2026-04-04T22:45:25.956Z] GET http://localhost:3001/clips/knockdown/img_00043.jpg → 304 (4ms, ?B)
[2026-04-04T22:45:25.956Z] GET http://localhost:3001/clips/knockdown/img_00044.jpg → 304 (5ms, ?B)
[2026-04-04T22:45:25.956Z] GET http://localhost:3001/clips/knockdown/img_00045.jpg → 304 (5ms, ?B)
[2026-04-04T22:45:25.956Z] GET http://localhost:3001/clips/knockdown/img_00046.jpg → 304 (6ms, ?B)
[2026-04-04T22:45:25.956Z] GET http://localhost:3001/clips/knockdown/img_00047.jpg → 304 (6ms, ?B)
[2026-04-04T22:45:25.956Z] GET http://localhost:3001/clips/knockdown/img_00048.jpg → 304 (6ms, ?B)
[2026-04-04T22:45:25.956Z] GET http://localhost:3001/clips/knockdown/img_00049.jpg → 304 (6ms, ?B)
[2026-04-04T22:45:25.956Z] GET http://localhost:3001/clips/knockdown/img_00050.jpg → 304 (6ms, ?B)
[2026-04-04T22:45:25.959Z] GET http://localhost:3001/clips/knockdown/img_00051.jpg → 304 (4ms, ?B)
[2026-04-04T22:45:25.959Z] GET http://localhost:3001/clips/knockdown/img_00052.jpg → 304 (3ms, ?B)
[2026-04-04T22:45:25.959Z] GET http://localhost:3001/clips/knockdown/img_00053.jpg → 304 (5ms, ?B)
[2026-04-04T22:45:25.960Z] GET http://localhost:3001/clips/knockdown/img_00054.jpg → 304 (3ms, ?B)
[2026-04-04T22:45:25.960Z] GET http://localhost:3001/clips/knockdown/img_00055.jpg → 304 (4ms, ?B)
[2026-04-04T22:45:25.960Z] GET http://localhost:3001/clips/knockdown/img_00056.jpg → 304 (4ms, ?B)
[2026-04-04T22:45:25.960Z] GET http://localhost:3001/clips/knockdown/img_00057.jpg → 304 (13ms, ?B)
[2026-04-04T22:45:25.960Z] GET http://localhost:3001/clips/knockdown/img_00058.jpg → 304 (4ms, ?B)
[2026-04-04T22:45:25.960Z] GET http://localhost:3001/clips/knockdown/img_00059.jpg → 304 (4ms, ?B)
[2026-04-04T22:45:25.960Z] GET http://localhost:3001/clips/knockdown/img_00060.jpg → 304 (5ms, ?B)
[2026-04-04T22:45:25.962Z] GET http://localhost:3001/clips/knockdown/img_00061.jpg → 304 (11ms, ?B)
[2026-04-04T22:45:25.962Z] GET http://localhost:3001/clips/knockdown/img_00062.jpg → 304 (14ms, ?B)
[2026-04-04T22:45:25.962Z] GET http://localhost:3001/clips/knockdown/img_00063.jpg → 304 (12ms, ?B)
[2026-04-04T22:45:25.962Z] GET http://localhost:3001/clips/knockdown/img_00064.jpg → 304 (11ms, ?B)
[2026-04-04T22:45:25.962Z] GET http://localhost:3001/clips/knockdown/img_00065.jpg → 304 (11ms, ?B)
[2026-04-04T22:45:25.962Z] GET http://localhost:3001/clips/knockdown/img_00066.jpg → 304 (15ms, ?B)
[2026-04-04T22:45:25.962Z] GET http://localhost:3001/clips/knockdown/img_00067.jpg → 304 (15ms, ?B)
[2026-04-04T22:45:25.962Z] GET http://localhost:3001/clips/knockdown/img_00068.jpg → 304 (15ms, ?B)
[2026-04-04T22:45:25.962Z] GET http://localhost:3001/clips/knockdown/img_00069.jpg → 304 (15ms, ?B)
[2026-04-04T22:45:25.962Z] GET http://localhost:3001/clips/knockdown/img_00070.jpg → 304 (16ms, ?B)
[2026-04-04T22:45:25.964Z] GET http://localhost:3001/clips/knockdown/img_00071.jpg → 304 (14ms, ?B)
[2026-04-04T22:45:25.964Z] GET http://localhost:3001/clips/knockdown/img_00072.jpg → 304 (15ms, ?B)
[2026-04-04T22:45:25.964Z] GET http://localhost:3001/clips/knockdown/img_00073.jpg → 304 (16ms, ?B)
[2026-04-04T22:45:25.964Z] GET http://localhost:3001/clips/knockdown/img_00074.jpg → 304 (16ms, ?B)
[2026-04-04T22:45:25.964Z] GET http://localhost:3001/clips/knockdown/img_00075.jpg → 304 (16ms, ?B)
[2026-04-04T22:45:25.964Z] GET http://localhost:3001/clips/knockdown/img_00076.jpg → 304 (16ms, ?B)
[2026-04-04T22:45:25.964Z] GET http://localhost:3001/clips/knockdown/img_00077.jpg → 304 (17ms, ?B)
[2026-04-04T22:45:25.964Z] GET http://localhost:3001/clips/knockdown/img_00078.jpg → 304 (18ms, ?B)
[2026-04-04T22:45:25.964Z] GET http://localhost:3001/clips/knockdown/img_00079.jpg → 304 (18ms, ?B)
[2026-04-04T22:45:25.964Z] GET http://localhost:3001/clips/knockdown/img_00080.jpg → 304 (18ms, ?B)
[2026-04-04T22:45:25.974Z] GET http://localhost:3001/clips/knockdown/img_00081.jpg → 304 (8ms, ?B)
[2026-04-04T22:45:25.975Z] GET http://localhost:3001/clips/knockdown/img_00082.jpg → 304 (7ms, ?B)
[2026-04-04T22:45:25.975Z] GET http://localhost:3001/clips/knockdown/img_00083.jpg → 304 (8ms, ?B)
[2026-04-04T22:45:25.975Z] GET http://localhost:3001/clips/knockdown/img_00084.jpg → 304 (8ms, ?B)
[2026-04-04T22:45:25.975Z] GET http://localhost:3001/clips/knockdown/img_00085.jpg → 304 (8ms, ?B)
[2026-04-04T22:45:25.975Z] GET http://localhost:3001/clips/knockdown/img_00086.jpg → 304 (8ms, ?B)
[2026-04-04T22:45:25.976Z] GET http://localhost:3001/clips/knockdown/img_00087.jpg → 304 (7ms, ?B)
[2026-04-04T22:45:25.976Z] GET http://localhost:3001/clips/knockdown/img_00088.jpg → 304 (8ms, ?B)
[2026-04-04T22:45:25.976Z] GET http://localhost:3001/clips/knockdown/img_00089.jpg → 304 (8ms, ?B)
[2026-04-04T22:45:25.976Z] GET http://localhost:3001/clips/knockdown/img_00090.jpg → 304 (8ms, ?B)
[2026-04-04T22:45:25.978Z] GET http://localhost:3001/clips/knockdown/img_00091.jpg → 304 (6ms, ?B)
[2026-04-04T22:45:25.978Z] GET http://localhost:3001/clips/knockdown/img_00092.jpg → 304 (6ms, ?B)
[2026-04-04T22:45:25.978Z] GET http://localhost:3001/clips/knockdown/img_00093.jpg → 304 (6ms, ?B)
[2026-04-04T22:45:25.978Z] GET http://localhost:3001/clips/knockdown/img_00094.jpg → 304 (6ms, ?B)
[2026-04-04T22:45:25.979Z] GET http://localhost:3001/clips/knockdown/img_00095.jpg → 304 (5ms, ?B)
[2026-04-04T22:45:25.979Z] GET http://localhost:3001/clips/knockdown/img_00096.jpg → 304 (5ms, ?B)
[2026-04-04T22:45:25.979Z] GET http://localhost:3001/clips/knockdown/img_00097.jpg → 304 (22ms, ?B)
[2026-04-04T22:45:25.979Z] GET http://localhost:3001/clips/knockdown/img_00098.jpg → 304 (21ms, ?B)
[2026-04-04T22:45:25.979Z] GET http://localhost:3001/clips/knockdown/img_00099.jpg → 304 (22ms, ?B)
[2026-04-04T22:45:25.979Z] GET http://localhost:3001/clips/knockdown/img_00100.jpg → 304 (22ms, ?B)
[2026-04-04T22:45:25.981Z] GET http://localhost:3001/clips/knockdown/img_00101.jpg → 304 (20ms, ?B)
[2026-04-04T22:45:25.981Z] GET http://localhost:3001/clips/knockdown/img_00102.jpg → 304 (20ms, ?B)
[2026-04-04T22:45:25.981Z] GET http://localhost:3001/clips/knockdown/img_00103.jpg → 304 (20ms, ?B)
[2026-04-04T22:45:25.981Z] GET http://localhost:3001/clips/knockdown/img_00104.jpg → 304 (20ms, ?B)
[2026-04-04T22:45:25.981Z] GET http://localhost:3001/clips/knockdown/img_00105.jpg → 304 (21ms, ?B)
[2026-04-04T22:45:25.981Z] GET http://localhost:3001/clips/knockdown/img_00106.jpg → 304 (21ms, ?B)
[2026-04-04T22:45:25.981Z] GET http://localhost:3001/clips/knockdown/img_00107.jpg → 304 (21ms, ?B)
[2026-04-04T22:45:25.981Z] GET http://localhost:3001/clips/knockdown/img_00108.jpg → 304 (21ms, ?B)
[2026-04-04T22:45:25.981Z] GET http://localhost:3001/clips/knockdown/img_00109.jpg → 304 (22ms, ?B)
[2026-04-04T22:45:25.981Z] GET http://localhost:3001/clips/knockdown/img_00110.jpg → 304 (22ms, ?B)
[2026-04-04T22:45:25.983Z] GET http://localhost:3001/clips/knockdown/img_00111.jpg → 304 (20ms, ?B)
[2026-04-04T22:45:25.983Z] GET http://localhost:3001/clips/knockdown/img_00112.jpg → 304 (20ms, ?B)
[2026-04-04T22:45:25.983Z] GET http://localhost:3001/clips/knockdown/img_00113.jpg → 304 (20ms, ?B)
[2026-04-04T22:45:25.983Z] GET http://localhost:3001/clips/knockdown/img_00114.jpg → 304 (20ms, ?B)
[2026-04-04T22:45:25.983Z] GET http://localhost:3001/clips/knockdown/img_00115.jpg → 304 (20ms, ?B)
[2026-04-04T22:45:25.983Z] GET http://localhost:3001/clips/knockdown/img_00116.jpg → 304 (20ms, ?B)
[2026-04-04T22:45:25.984Z] GET http://localhost:3001/clips/knockdown/img_00117.jpg → 304 (19ms, ?B)
[2026-04-04T22:45:25.984Z] GET http://localhost:3001/clips/knockdown/img_00118.jpg → 304 (20ms, ?B)
[2026-04-04T22:45:25.984Z] GET http://localhost:3001/clips/knockdown/img_00119.jpg → 304 (20ms, ?B)
[2026-04-04T22:45:25.984Z] GET http://localhost:3001/clips/knockdown/img_00120.jpg → 304 (20ms, ?B)
[2026-04-04T22:45:26.002Z] GET http://localhost:3001/clips/knockdown/img_00121.jpg → 304 (2ms, ?B)
[2026-04-04T22:45:26.002Z] GET http://localhost:3001/clips/knockdown/img_00122.jpg → 304 (2ms, ?B)
[2026-04-04T22:45:26.002Z] GET http://localhost:3001/clips/knockdown/img_00123.jpg → 304 (11ms, ?B)
[2026-04-04T22:45:26.002Z] GET http://localhost:3001/clips/knockdown/img_00124.jpg → 304 (11ms, ?B)
[2026-04-04T22:45:26.002Z] GET http://localhost:3001/clips/knockdown/img_00125.jpg → 304 (11ms, ?B)
[2026-04-04T22:45:26.002Z] GET http://localhost:3001/clips/knockdown/img_00126.jpg → 304 (12ms, ?B)
[2026-04-04T22:45:26.002Z] GET http://localhost:3001/clips/knockdown/img_00127.jpg → 304 (12ms, ?B)
[2026-04-04T22:45:26.002Z] GET http://localhost:3001/clips/knockdown/img_00128.jpg → 304 (13ms, ?B)
[2026-04-04T22:45:26.002Z] GET http://localhost:3001/clips/knockdown/img_00129.jpg → 304 (13ms, ?B)
[2026-04-04T22:45:26.002Z] GET http://localhost:3001/clips/knockdown/img_00130.jpg → 304 (14ms, ?B)
[2026-04-04T22:45:26.016Z] GET http://localhost:3001/clips/knockdown/img_00131.jpg → 304 (1ms, ?B)
[2026-04-04T22:45:26.016Z] GET http://localhost:3001/clips/knockdown/img_00132.jpg → 304 (1ms, ?B)
[2026-04-04T22:45:26.016Z] GET http://localhost:3001/clips/knockdown/img_00133.jpg → 304 (1ms, ?B)
[2026-04-04T22:45:26.016Z] GET http://localhost:3001/clips/knockdown/img_00134.jpg → 304 (1ms, ?B)
[2026-04-04T22:45:26.016Z] GET http://localhost:3001/clips/knockdown/img_00135.jpg → 304 (2ms, ?B)
[2026-04-04T22:45:26.016Z] GET http://localhost:3001/clips/knockdown/img_00136.jpg → 304 (2ms, ?B)
[2026-04-04T22:45:26.016Z] GET http://localhost:3001/clips/knockdown/img_00137.jpg → 304 (2ms, ?B)
[2026-04-04T22:45:26.016Z] GET http://localhost:3001/clips/knockdown/img_00138.jpg → 304 (2ms, ?B)
[2026-04-04T22:45:26.016Z] GET http://localhost:3001/clips/knockdown/img_00139.jpg → 304 (2ms, ?B)
[2026-04-04T22:45:26.016Z] GET http://localhost:3001/clips/knockdown/img_00140.jpg → 304 (2ms, ?B)
[2026-04-04T22:45:26.018Z] GET http://localhost:3001/clips/knockdown/img_00141.jpg → 304 (1ms, ?B)
[2026-04-04T22:45:26.018Z] GET http://localhost:3001/clips/knockdown/img_00142.jpg → 304 (1ms, ?B)
[2026-04-04T22:45:26.018Z] GET http://localhost:3001/clips/knockdown/img_00143.jpg → 304 (2ms, ?B)
[2026-04-04T22:45:26.018Z] GET http://localhost:3001/clips/knockdown/img_00144.jpg → 304 (2ms, ?B)
[2026-04-04T22:45:26.018Z] GET http://localhost:3001/clips/knockdown/img_00145.jpg → 304 (2ms, ?B)
[2026-04-04T22:45:26.018Z] GET http://localhost:3001/clips/knockdown/img_00146.jpg → 304 (2ms, ?B)
[2026-04-04T22:45:26.018Z] GET http://localhost:3001/clips/knockdown/img_00147.jpg → 304 (3ms, ?B)
[2026-04-04T22:45:26.018Z] GET http://localhost:3001/clips/knockdown/img_00148.jpg → 304 (3ms, ?B)
[2026-04-04T22:45:26.018Z] GET http://localhost:3001/clips/knockdown/img_00149.jpg → 304 (3ms, ?B)
[2026-04-04T22:45:26.018Z] GET http://localhost:3001/clips/knockdown/img_00150.jpg → 304 (3ms, ?B)
[2026-04-04T22:45:26.022Z] GET http://localhost:3001/clips/knockdown/img_00151.jpg → 304 (9ms, ?B)
[2026-04-04T22:45:26.022Z] GET http://localhost:3001/clips/knockdown/img_00152.jpg → 304 (9ms, ?B)
[2026-04-04T22:45:26.022Z] GET http://localhost:3001/clips/knockdown/img_00153.jpg → 304 (9ms, ?B)
[2026-04-04T22:45:26.022Z] GET http://localhost:3001/clips/knockdown/img_00154.jpg → 304 (9ms, ?B)
[2026-04-04T22:45:26.030Z] GET http://localhost:3001/clips/knockdown/img_00155.jpg → 304 (1ms, ?B)
[2026-04-04T22:45:26.030Z] GET http://localhost:3001/clips/knockdown/img_00156.jpg → 304 (2ms, ?B)
[2026-04-04T22:45:26.030Z] GET http://localhost:3001/clips/knockdown/img_00157.jpg → 304 (2ms, ?B)
[2026-04-04T22:45:26.030Z] GET http://localhost:3001/clips/knockdown/img_00158.jpg → 304 (2ms, ?B)
[2026-04-04T22:45:26.030Z] GET http://localhost:3001/clips/knockdown/img_00159.jpg → 304 (2ms, ?B)
[2026-04-04T22:45:26.031Z] GET http://localhost:3001/clips/knockdown/img_00160.jpg → 304 (1ms, ?B)
[2026-04-04T22:45:26.033Z] GET http://localhost:3001/clips/knockdown/img_00161.jpg → 304 (26ms, ?B)
[2026-04-04T22:45:26.033Z] GET http://localhost:3001/clips/knockdown/img_00162.jpg → 304 (26ms, ?B)
[2026-04-04T22:45:26.033Z] GET http://localhost:3001/clips/knockdown/img_00163.jpg → 304 (26ms, ?B)
[2026-04-04T22:45:26.033Z] GET http://localhost:3001/clips/knockdown/img_00164.jpg → 304 (26ms, ?B)
[2026-04-04T22:45:26.033Z] GET http://localhost:3001/clips/knockdown/img_00165.jpg → 304 (26ms, ?B)
[2026-04-04T22:45:26.033Z] GET http://localhost:3001/clips/knockdown/img_00166.jpg → 304 (26ms, ?B)
[2026-04-04T22:45:26.033Z] GET http://localhost:3001/clips/knockdown/img_00167.jpg → 304 (27ms, ?B)
[2026-04-04T22:45:26.033Z] GET http://localhost:3001/clips/knockdown/img_00168.jpg → 304 (27ms, ?B)
[2026-04-04T22:45:26.033Z] GET http://localhost:3001/clips/knockdown/img_00169.jpg → 304 (27ms, ?B)
[2026-04-04T22:45:26.034Z] GET http://localhost:3001/clips/knockdown/img_00170.jpg → 304 (26ms, ?B)
[2026-04-04T22:45:26.063Z] GET http://localhost:3001/clips/knockdown/img_00171.jpg → 304 (?ms, ?B)
[2026-04-04T22:45:26.063Z] GET http://localhost:3001/clips/knockdown/img_00172.jpg → 304 (?ms, ?B)
[2026-04-04T22:45:26.063Z] GET http://localhost:3001/clips/knockdown/img_00173.jpg → 304 (1ms, ?B)
[2026-04-04T22:45:26.063Z] GET http://localhost:3001/clips/knockdown/img_00174.jpg → 304 (1ms, ?B)
[2026-04-04T22:45:26.063Z] GET http://localhost:3001/clips/knockdown/img_00175.jpg → 304 (1ms, ?B)
[2026-04-04T22:45:26.063Z] GET http://localhost:3001/clips/knockdown/img_00176.jpg → 304 (1ms, ?B)
[2026-04-04T22:45:26.063Z] GET http://localhost:3001/clips/knockdown/img_00177.jpg → 304 (1ms, ?B)
[2026-04-04T22:45:26.063Z] GET http://localhost:3001/clips/knockdown/img_00178.jpg → 304 (1ms, ?B)
[2026-04-04T22:45:26.063Z] GET http://localhost:3001/clips/knockdown/img_00179.jpg → 304 (14ms, ?B)
[2026-04-04T22:45:26.063Z] GET http://localhost:3001/clips/knockdown/img_00180.jpg → 304 (14ms, ?B)
[2026-04-04T22:45:26.072Z] GET http://localhost:3001/clips/knockdown/img_00181.jpg → 304 (6ms, ?B)
[2026-04-04T22:45:26.072Z] GET http://localhost:3001/clips/knockdown/img_00182.jpg → 304 (6ms, ?B)
[2026-04-04T22:45:26.073Z] GET http://localhost:3001/clips/knockdown/img_00183.jpg → 304 (5ms, ?B)
[2026-04-04T22:45:26.074Z] GET http://localhost:3001/clips/knockdown/img_00184.jpg → 304 (5ms, ?B)
[2026-04-04T22:45:26.075Z] GET http://localhost:3001/clips/knockdown/img_00185.jpg → 304 (4ms, ?B)
[2026-04-04T22:45:26.075Z] GET http://localhost:3001/clips/knockdown/img_00186.jpg → 304 (4ms, ?B)
[2026-04-04T22:45:26.075Z] GET http://localhost:3001/clips/knockdown/img_00187.jpg → 304 (55ms, ?B)
[2026-04-04T22:45:26.075Z] GET http://localhost:3001/clips/knockdown/img_00188.jpg → 304 (55ms, ?B)
[2026-04-04T22:45:26.075Z] GET http://localhost:3001/clips/knockdown/img_00189.jpg → 304 (55ms, ?B)
[2026-04-04T22:45:26.077Z] GET http://localhost:3001/clips/knockdown/img_00190.jpg → 304 (53ms, ?B)
[2026-04-04T22:45:26.082Z] GET http://localhost:3001/clips/knockdown/img_00191.jpg → 304 (49ms, ?B)
[2026-04-04T22:45:26.082Z] GET http://localhost:3001/clips/knockdown/img_00192.jpg → 304 (50ms, ?B)
[2026-04-04T22:45:26.116Z] GET http://localhost:3001/clips/knockdown/img_00193.jpg → 304 (16ms, ?B)
[2026-04-04T22:45:26.117Z] GET http://localhost:3001/clips/knockdown/img_00194.jpg → 304 (15ms, ?B)
[2026-04-04T22:45:26.117Z] GET http://localhost:3001/clips/knockdown/img_00195.jpg → 304 (16ms, ?B)
[2026-04-04T22:45:26.117Z] GET http://localhost:3001/clips/knockdown/img_00196.jpg → 304 (16ms, ?B)
[2026-04-04T22:45:26.117Z] GET http://localhost:3001/clips/knockdown/img_00197.jpg → 304 (16ms, ?B)
[2026-04-04T22:45:26.129Z] GET http://localhost:3001/clips/knockdown/img_00198.jpg → 304 (4ms, ?B)
[2026-04-04T22:45:26.129Z] GET http://localhost:3001/clips/knockdown/img_00199.jpg → 304 (4ms, ?B)
[2026-04-04T22:45:26.129Z] GET http://localhost:3001/clips/knockdown/img_00200.jpg → 304 (4ms, ?B)
